// Jest Snapshot v1, https://goo.gl/fbAQLP

exports[`<NodePanels /> renders ok 1`] = `
<Panels
  minimize={true}
/>
`;
