// Jest Snapshot v1, https://goo.gl/fbAQLP

exports[`<Audio /> renders ok 1`] = `
<audio
  miscellaneousAdditionalProperty="baz"
  src="foo"
>
  bar
</audio>
`;
